[dotenv@17.3.1] injecting env (10) from .env -- tip: ΓÜÖ∩╕Å  suppress all logs with { quiet: true }
Registered User.
Profile Update Success
